[  00000] nialzinggrp suyspuet
  0.0000] italizing cgroup subsys cpu
[    0.000000] Initializing cgroup subsys cpuacct
[    0.000000] Linux version 4.4.0-34-generic (buildd@lgw01-20) (gcc version 5.3.1 20160413 (Ubuntu 5.3.1-ubtu2. )53Ubun S WedJu2716:06: U 201(Untu 4.-3.53-enic4.4.5)[   0.000] Cma line:OOIMAG=/otvmin-4.0-3-gerc rot=ID06f8e-69-4659f-5eb246c28ro cso=ttycool=tty
   00000 KERNE spote cs:
[  0000] Inel GnueItel   0.00000  MD AthtiAM
  0.0000  enta CtarHaus    .000] 86puxstae_fst[2]:  576, xstate_sies]: 256
[  00000] 6/fp SpotingSA feaur0x1: '7 oatig in risrs
   0.0000] 86pu SuporngXSAV ftue x0 'E reisrs
  0.0000 x/fpu Spotig AV feaur 004 'AVX registers'
[    0.000000] x86/fpu: Enabled xstate features 0x7, context size is 832 bytes, using 'standard' format.
[    0.000000] x86/fpu: Using 'lazy' FPU context switches.
[    0.000000] e820: BIOS-provided physical RAM map:
[    0.000000] BIOS-e820: [mem 0x0000000000000000-0x000000000009fbff] usable
[    0.000000] BIOS-e820: [mem 0x000000000009fc00-0x000000000009ffff] reserved
[    0.000000] BIOS-e820: [mem 0x00000000000f0000-0x00000000000fffff] reserved
[    0.000000] BIOS-e820: [mem 0x0000000000100000-0x00000000dffeffff] usable
[    0.000000] BIOS-e820: [mem 0x00000000dfff0000-0x00000000dfffffff] ACPI data
[    0.000000] BIOS-e820: [mem 0x00000000fec00000-0x00000000fec00fff] reserved
[    0.000000] BIOS-e820: [mem 0x00000000fee00000-0x00000000fee00fff] reserved
[    0.000000] BIOS-e820: [mem 0x00000000fffc0000-0x00000000ffffffff] reserved
[    0.000000] BIOS-e820: [mem 0x000000000000-000011fffffusabe   0.000 NX (Ecu Disleprotctn: atie   00000SMBIS 5 rese.[   0000] ypviorette: VM[   0000 e82 lt_pf =x10000maarh_n 0x00000[  00000] 6/T: Cfiraion -7 WB C C-UC      UCWT
[   .0000]TR Dsabld    0000 CPUMTs ll bnk viruaze sysem
[   0.000000] e820: last_pfn = xdf0max_chfn =x400000[  0.000 fund P -tabe  [em 0x000ff-00009ffmappd  [ff8000ff0][   0000 Scain1 ars r ow morcorrti
[  00000RAIS: [m 0335800-05e3fff
[  0.0000ACPIEay ablechksm verifiatn dibl
[    00000AC: SDP x000000E000024v0 VX 
    .000] AC: DT 0x0000DFF00 0003Cv0 VOX  BOXST 00001 SL  0061)   0.000 ACP FAC0x0000DFFFF000F4 (4 OX  BOAC 00000ASL 0006)
[  00000 AI:DSDT0x00000DFF700021F 01VB  BOBIOS00002 NT200052)    0000 ACP FS 0x00000DFF0000040   0.000 ACP FS x00000DFF00 000[  00000 AI: AICx00000FF24005C(v VX  VBOPI000001SL 00006
[   0.000] ACPISS 0000000FF02 001C (v1 OX  OXUT000002NTL 0152)
[  00000 NNUA cofiraion un
[    .000] Faina ode  [m 0x0000000000x00000fffff][   0000 NOD_DTA) allote[memx1ff70-01ffbff
   0000]kvm-lok:singms 4564d a 4b5d0
[    0000] m-oc: cp0,sr 1ff00, prarcpu oc
[  0.000]vmlok:usg chedoffsetof3919957 yces[   0.000]clksrce:vmlock mk:0xffffffffma_cyces0xcd424db,maid_n: 155948ns
[  .0000]Zo rngs:[   .000]   MA    [memx0000000010-0x00000fffff
[   00000   DM2  [me 00000001000-00000ffffff
    0000]  orl  [me0x000000000-0x00001fff]
[   0.00]   eve  empty
[  .00000 Mabe zone start for each node
[    0.000000] Early memory node ranges
[    0.000000]   node   0: [mem 0x0000000000001000-0x000000000009efff]
[    0.000000]   node   0: [mem 0x00000010000x00000feff]   0.000]  nde 0[memx000000000-0x00011fffff]
[  0.0000] itm seupod 0 [m 000000000100-0000011ffff
[  00000] PI PM-Timer IO Port: 0x4008
[    0.000000] IOAPIC[0]: apic_id 2, version 32, addes0xec000,SI 03[  00000] PI I_S_OR us bs_q glbair2 fl d)[   .0000]CP IT_SR_O (us 0usrq 9glalir 9ig lel
[   0000] UngCP (MA) r SMP onguatioinrmaton[   0.00] smoo Alowi 2PUs, hplg CP
   0000]PM: gieredose emor [m 0x00000x0000ff
[   .0000]PMReisteedosveemy:[mem0x09f000-0x0009ffff]
[   0.0000PM: gierd noveemor [m x000000x00ff]
[  00000]M:egisrenoave emy:[memx0f0000x0ffff]
[   0.0000]M: Rgierd noveemor [m xdff000xdfff]
[   00000]PMReisted saveemy:[memxe00000xbffff]
[  .00000PM Rgier nose mory[m 0fec0000xfec0ff
[    .000] PMRester nav memy:mem fe100-0xdfff]   00000 P: Rested navmeory:me0xfe00-0xf00f]
[   .0000]M:egsterednove mor [em 0ee000-fffff][   0000 P Riser nav memry[mm 0xfc00-0fffff]
[  0.0000 e0: [me0x0000-0ebffffavlablfoPC devce
[   0000]Bootg ravitualiederneonVM
[  0.0000clksurcerened-ffs:mask0xffff m_ccles0xffff, x_dle_ns: 7645519600211568 ns
[   .00000sep_pepuNRCPUS25nrcpma_bs:256 _cu_s:nrno_i:1
[  0.0000]ERU:Emdd 3 pags/u ffff88110000 s80 r19 d96u10457
[   0000]PV qpioc hh bl entes256 (ode:  4096 yt)
[   00000But  zeltsinodorer, oblitygroungn.  tapaes: 327
[  00000] li zon: rml[  00000Kene cmad li: OT_IGEbot/vmin-44.0-34-genri rotUUID068fe-69a6-a99f45e4e7428 rcoole=y1consoltt0
[  .00000PI hsh tabe ntie: 09 (der: 3328 bys)
[  0.0000 Mor: 084K4184 aaille834K knecode, 82rwda, 44 rodta140K it,292Kss18304Krervd, 0cmreseed
[    .000] SLB:Waig=6 Oer=03,inbjec=0CPUs, de=1
  0.0000HiarchcaRC iplention
  0.00000]Buldimadusme o lafant to 6
    .000] 	RCUesicti Cs rom _CS=25tor_pu_i=2
[    0000] RC: juting omryfor cuanut_laf4,nrpuds2  0.0000NR_IQS660 nrir:40 16
[  .00000] Cosoe:olr GA805
[  0000] nsle [y1enabd[  00000cool [tt0]nabld   0.000000] tsc: Detected 3392.290 MHz processor
[   27.778598] Calibrating delay loop (skipped) preset value.. 6784.58 BogoMIPS (lpj=13569160)
[   27.998410] pid_max: default: 32768 minimum: 301
[   27.999624] ACPI: Core revision 20150930
[   28.003740] ACPI: 2 ACPI AML tables successfully acquired and loaded
[   28.005417] Security Framework initialized
[   28.006342] Yama: becoming mindful.
[   28.007047] AppArmor: AppArmor initialized
[   28.009187] Dentry cache hash table entries: 524288 (order: 10, 4194304 bytes)
[   28.038351] Inode-cache hash table entries: 262144 (order: 9, 2097152 bytes)
[   28.055432] Mount-cache hash table entries: 8192 (order: 4, 65536 bytes)
[   28.056540] Mountpoint-cache hash table entries: 8192 (order: 4, 65536 bytes)
[   28.071681] Initializing cgroup subsys io
[   28.072440] Initializing cgroup subsys memory
[   28.073251] Initializing cgroup subsys devices
[   28.074073] Initializing cgroup subsys freezer
[   28.074873] Initializing cgroup subsys net_cls
[   28.086994] Initializing cgroup subsys perf_event
[   28.087841] Initializing cgroup subsys net_prio
[   28.088662] Initializing cgroup subsys hugetlb
[   28.089455] Initializing cgroup subsys pids
[   28.090321] CPU: Physical Processor ID: 0
[   28.091068] CPU: Processor Core ID: 0
[   28.092033] mce: CPU supports 0 MCE banks
[   28.092810] Last level iTLB entries: 4KB 512, 2MB 8, 4MB 8
[   28.093732] Last level dTLB entries: 4KB 512, 2MB 32, 4MB 32, 1GB 0
[   28.096664] Freeing SMP alternatives memory: 28K (ffffffff820b4000 - ffffffff820bb000)
[   28.105825] ftrace: allocating 31994 entries in 125 pages
[   28.147385] smpboot: Max logical packages: 1
[   28.259453] smpboot: APIC(0) Converting physical 0 to logical package 0
[   28.436305] x2apic enabled
[   28.498247] Switched APIC routing to physical x2apic.
[   28.503586] ..TIMER: vector=0x30 apic1=0 pin1=2 apic2=-1 pin2=-1
[   28.609848] smpboot: CPU0: Intel(R) Core(TM) i7-3770 CPU @ 3.40GHz (family: 0x6, model: 0x3a, stepping: 0x9)
[   28.670969] Performance Events: unsupported p6 CPU model 58 no PMU driver, software events only.
[   28.944578] KVM setup paravirtual spinlock
[   29.040146] x86: Booting SMP configuration:
[   29.102459] .... node  #0, CPUs:      #1
[   29.214476] kvm-clock: cpu 1, msr 1:1fff3041, secondary cpu clock
[   29.313396] mce: CPU supports 0 MCE banks
[   29.317334] x86: Booted up 1 node, 2 CPUs
[   29.319624] smpboot: Total of 2 processors activated (13569.16 BogoMIPS)
[   29.321074] devtmpfs: initialized
[   29.325162] evm: security.selinux
[   29.334669] evm: security.SMACK64
[   29.337979] evm: security.SMACK64EXEC
[   29.342972] evm: security.SMACK64TRANSMUTE
[   29.346019] evm: security.SMACK64MMAP
[   29.347938] evm: security.ima
[   29.348560] evm: security.capability
[   29.360494] clocksource: jiffies: mask: 0xffffffff max_cycles: 0xffffffff, max_idle_ns: 7645041785100000 ns
[   29.362323] pinctrl core: initialized pinctrl subsystem
[   29.363327] RTC time:  1:06:32, date: 08/27/16
[   29.364278] NET: Registered protocol family 16
[   29.374320] cpuidle: using governor ladder
[   29.416387] cpuidle: using governor menu
[   29.426787] PCCT header not found.
[   29.427508] ACPI: bus type PCI registered
[   29.428264] acpiphp: ACPI Hot Plug PCI Controller Driver version: 0.5
[   29.429421] PCI: Using configuration type 1 for base access
[   29.444338] ACPI: Added _OSI(Module Device)
[   29.463741] ACPI: Added _OSI(Processor Device)
[   29.474929] ACPI: Added _OSI(3.0 _SCP Extensions)
[   29.475695] ACPI: Added _OSI(Processor Aggregator Device)
[   29.477106] ACPI: Executed 1 blocks of module-level executable AML code
[   29.479742] ACPI: Interpreter enabled
[   29.480393] ACPI Exception: AE_NOT_FOUND, While evaluating Sleep State [\_S1_] (20150930/hwxface-580)
[   29.481972] ACPI Exception: AE_NOT_FOUND, While evaluating Sleep State [\_S2_] (20150930/hwxface-580)
[   29.483515] ACPI Exception: AE_NOT_FOUND, While evaluating Sleep State [\_S3_] (20150930/hwxface-580)
[   29.599166] ACPI Exception: AE_NOT_FOUND, While evaluating Sleep State [\_S4_] (20150930/hwxface-580)
[   29.601683] ACPI: (supports S0 S5)
[   29.602695] ACPI: Using IOAPIC for interrupt routing
[   29.604094] PCI: Using host bridge windows from ACPI; if necessary, use "pci=nocrs" and report a bug
[   29.630967] ACPI: PCI Root Bridge [PCI0] (domain 0000 [bus 00-ff])
[   29.643635] acpi PNP0A03:00: _OSC: OS supports [ASPM ClockPM Segments MSI]
[   29.697559] acpi PNP0A03:00: _OSC failed (AE_NOT_FOUND); disabling ASPM
[   29.699122] acpi PNP0A03:00: fail to add MMCONFIG information, can't access extended PCI configuration space under this bridge.
[   29.731036] PCI host bridge to bus 0000:00
[   29.745551] pci_bus 0000:00: root bus resource [io  0x0000-0x0cf7 window]
[   29.748666] pci_bus 0000:00: root bus resource [io  0x0d00-0xffff window]
[   29.786585] pci_bus 0000:00: root bus resource [mem 0x000a0000-0x000bffff window]
[   29.793632] pci_bus 0000:00: root bus resource [mem 0xe0000000-0xffdfffff window]
[   29.817195] pci_bus 0000:00: root bus resource [bus 00-ff]
[   29.835762] pci 0000:00:01.1: legacy IDE quirk: reg 0x10: [io  0x01f0-0x01f7]
[   29.837415] pci 0000:00:01.1: legacy IDE quirk: reg 0x14: [io  0x03f6]
[   29.838988] pci 0000:00:01.1: legacy IDE quirk: reg 0x18: [io  0x0170-0x0177]
[   29.840625] pci 0000:00:01.1: legacy IDE quirk: reg 0x1c: [io  0x0376]
[   29.911977] pci 0000:00:07.0: quirk: [io  0x4000-0x403f] claimed by PIIX4 ACPI
[   29.958987] pci 0000:00:07.0: quirk: [io  0x4100-0x410f] claimed by PIIX4 SMB
[   30.015813] ACPI: PCI Interrupt Link [LNKA] (IRQs 5 9 10 *11)
[   30.035202] ACPI: PCI Interrupt Link [LNKB] (IRQs 5 9 10 *11)
[   30.047228] ACPI: PCI Interrupt Link [LNKC] (IRQs 5 9 *10 11)
[   30.048554] ACPI: PCI Interrupt Link [LNKD] (IRQs 5 *9 10 11)
[   30.071812] ACPI: Enabled 2 GPEs in block 00 to 07
[   30.088412] vgaarb: setting as boot device: PCI:0000:00:02.0
[   30.090949] vgaarb: device added: PCI:0000:00:02.0,decodes=io+mem,owns=io+mem,locks=none
[   30.099672] vgaarb: loaded
[   30.106494] vgaarb: bridge control possible 0000:00:02.0
[   30.107843] SCSI subsystem initialized
[   30.111428] ACPI: bus type USB registered
[   30.118471] usbcore: registered new interface driver usbfs
[   30.119722] usbcore: registered new interface driver hub
[   30.120822] usbcore: registered new device driver usb
[   30.122117] PCI: Using ACPI for IRQ routing
[   30.155134] NetLabel: Initializing
[   30.174277] NetLabel:  domain hash size = 128
[   30.204010] NetLabel:  protocols = UNLABELED CIPSOv4
[   30.204825] NetLabel:  unlabeled traffic allowed by default
[   30.205936] clocksource: Switched to clocksource kvm-clock
[   0.50] pAorAprmor Filesystem naled
[   30.548854] pnp: PnP ACPI init
[   30.550275] pnp: PnP ACPI: found 3 devices

[   30.560988] clocksource: acpi_pm: mask: 0xffffff max_cls: 0xfff, x_dl_ns: 2085701024 ns
[   30.7587]ET Risreprtocofaly
[   31.20247 TP established hash tble enries: 32768(order:6, 262144 bytes)

[   31.372613] TCP bind hash table entries: 32768 (order: 7, 524288 bytes)
[  3.377 T: shabs nfur (taisd 76bind 768)
   32.073302] UDP hash table nties: 2048 (order: 4, 65536 bytes)
[   32.141472] UDP-Lite hash table entries: 2048 (order: 4, 65536 bytes)
[   32.142642] NET: Registered protocol family 1
[   32.143460] pci 0000:00:00.0: Limiting direct PCI/PCI transfers
[   32.144457] pci 0000:00:01.0: Activating ISA DMA hang workarounds
[   32.145623] Trying to unpack rootfs image as initramfs...

[ 32720]reininrdemy:46K fff8803c00- ff005e00
[   .339 P-D: insowa bnc bufri f I(SIOTL
  4.01] ftreO LBme0xff00-0ff00 (MBmaedt ff80dbff00ff80ffff
[ 35330]APPMdeecte, I its -3Joes3 xeconter 13782 mov ter[ 36906]w itf ma p-ce -0ous
[   398281]w itf ma pka 20 uls
[  7.55]  ut  daipp-gpu^-Joes
[   38.0406 ptfm c_mo risreplfo R dvie (n P dicfod)[ 38696]canng r owemy rrti eer60ecds[ 39829]scReneTSclksurcecaliraon33.7 M
[   0.11] ocoue:scma: ffffffff m_cle 00e3d28, x_les:405293ns
[   0.14] teha tblenris:12orr:3, 368yt)
[   40.311506] audit: initializing netlink subsys (disabled)
[   40.311518] audit: type=2000 audit(1472259979.499:1): initialized
[   40.311739] Initialise system trusted keyring
[   40.311822] HugeTLB registered 2 MB page size, pre-allocated 0 pages
[   40.313013] zbud: loaded
[   40.313153] VFS: Disk quotas dquot_6.6.0
[   40.313177] VFS: Dquot-cache hash table entries: 512 (order 0, 4096 bytes)
[   40.313366] squashfs: version 4.0 (2009/01/31) Phillip Lougher
[   40.313587] fuse init (API version 7.23)
[   40.313682] Key type big_key registered
[   40.313697] Allocating IMA MOK and blacklist keyrings.
[   40.313913] Key type asymmetric registered
[   40.313919] Asymmetric key parser 'x509' registered
[   40.313955] Block layer SCSI generic (bsg) driver version 0.4 loaded (major 249)
[   40.313975] io scheduler noop registered
[   40.313976] io scheduler deadline registered (default)
[   40.313998] io scheduler cfq registered
[   40.314059] pci_hotplug: PCI Hot Plug PCI Core version: 0.5
[   40.314064] pciehp: PCI Express Hot Plug Controller Driver version: 0.4
[   40.314189] ACPI: AC Adapter [AC] (on-line)
[   40.314230] input: Power Button as /devices/LNXSYSTM:00/LNXPWRBN:00/input/input0
[   40.314232] ACPI: Power Button [PWRF]
[   40.314289] input: Sleep Button as /devices/LNXSYSTM:00/LNXSLPBN:00/input/input1
[   40.314290] ACPI: Sleep Button [SLPF]
[   40.314436] GHES: HEST is not enabled!
[   40.314505] Serial: 8250/16550 driver, 32 ports, IRQ sharing enabled
[   41.525158] 00:02: ttyS0 at I/O 0x3f8 (irq = 4, base_baud = 115200) is a 16550A
[   42.249706] Linux agpgart interface v0.103
[   42.427104] brd: module loaded
[   42.427834] loop: module loaded
[   42.428294] scsi host0: ata_piix
[   42.428347] scsi host1: ata_piix
[   42.428372] ata1: PATA max UDMA/33 cmd 0x1f0 ctl 0x3f6 bmdma 0xd000 irq 14
[   42.428373] ata2: PATA max UDMA/33 cmd 0x170 ctl 0x376 bmdma 0xd008 irq 15
[   42.428437] libphy: Fixed MDIO Bus: probed
[   42.428439] tun: Universal TUN/TAP device driver, 1.6
[   42.428439] tun: (C) 1999-2004 Max Krasnyansky <maxk@qualcomm.com>
[   42.428724] PPP generic driver version 2.4.2
[   42.428766] ehci_hcd: USB 2.0 'Enhanced' Host Controller (EHCI) Driver
[   42.428769] ehci-pci: EHCI PCI platform driver
[   42.428776] ehci-platform: EHCI generic platform driver
[   42.428782] ohci_hcd: USB 1.1 'Open' Host Controller (OHCI) Driver
[   42.428783] ohci-pci: OHCI PCI platform driver
[   42.428790] ohci-platform: OHCI generic platform driver
[   42.428796] uhci_hcd: USB Universal Host Controller Interface driver
[   42.428837] i8042: PNP: PS/2 Controller [PNP0303:PS2K,PNP0f03:PS2M] at 0x60,0x64 irq 1,12
[   42.552164] serio: i8042 KBD port at 0x60,0x64 irq 1
[   42.552171] serio: i8042 AUX port at 0x60,0x64 irq 12
[   42.552296] mousedev: PS/2 mouse device common for all mice
[   42.552577] rtc_cmos rtc_cmos: rtc core: registered rtc_cmos as rtc0
[   42.552641] rtc_cmos rtc_cmos: alarms up to one day, 114 bytes nvram
[   42.552647] i2c /dev entries driver
[   42.552692] device-mapper: uevent: version 1.0.3
[   42.552740] device-mapper: ioctl: 4.34.0-ioctl (2015-10-28) initialised: dm-devel@redhat.com
[   42.552755] ledtrig-cpu: registered to indicate activity on CPUs
[   42.552977] NET: Registered protocol family 10
[   42.553156] NET: Registered protocol family 17
[   42.553165] Key type dns_resolver registered
[   42.701612] microcode: CPU0 sig=0x306a9, pf=0x2, revision=0x19
[   42.701679] microcode: CPU1 sig=0x306a9, pf=0x2, revision=0x19
[   42.701747] microcode: Microcode Update Driver: v2.01 <tigran@aivazian.fsnet.co.uk>, Peter Oruba
[   42.701893] registered taskstats version 1
[   42.701909] Loading compiled-in X.509 certificates
[   42.702623] Loaded X.509 cert 'Build time autogenerated kernel key: c40ffa48d8617ce4553ee3ab59017c95e74f2501'
[   42.702644] zswap: loaded using pool lzo/zbud
[   42.703947] Key type trusted registered
[   42.706036] Key type encrypted registered
[   42.706041] AppArmor: AppArmor sha1 policy hashing enabled
[   42.706043] ima: No TPM chip found, activating TPM-bypass!
[   42.706060] evm: HMAC attrs: 0x1
[   42.706332]   Magic number: 12:209:105
[   42.749613] rtc_cmos rtc_cmos: setting system clock to 2016-08-27 01:06:45 UTC (1472260005)
[   42.749769] BIOS EDD facility v0.16 2004-Jun-25, 0 devices found
[   42.749769] EDD information not available.
[   42.773612] input: AT Translated Set 2 keyboard as /devices/platform/i8042/serio0/input/input2
[   44.122492] Freeing unused kernel memory: 1480K (ffffffff81f42000 - ffffffff820b4000)
[   44.300081] Write protecting the kernel read-only data: 14336k
[   44.501077] Freeing unused kernel memory: 1832K (ffff880001836000 - ffff880001a00000)
[   44.746904] Freeing unused kernel memory: 152K (ffff880001dda000 - ffff880001e00000)
Loading, please [   44.905664] random: systemd-udevd urandom read with 3 bits of entropy available
wait...
startin[   45.068687] e1000: Intel(R) PRO/1000 Network Driver - version 7.3.21-k8-NAPI
g version 229
[   45.253915] e1000: Copyright (c) 1999-2006 Intel Corporation.
[   45.311533] ACPI: Video Device [GFX0] (multi-head: yes  rom: no  post: no)
[   45.445731] input: Video Bus as /devices/LNXSYSTM:00/LNXSYBUS:00/PNP0A03:00/LNXVIDEO:00/input/input4
[   45.708602] FUJITSU Extended Socket Network Device Driver - version 1.0 - Copyright (c) 2015 FUJITSU LIMITED
[   45.985920] Fusion MPT base driver 3.04.20
[   46.010002] Copyright (c) 1999-2008 LSI Corporation
[   46.018990] Fusion MPT SPI Host driver 3.04.20
[   46.071503] e1000 0000:00:03.0 eth0: (PCI:33MHz:32-bit) 02:3e:55:8e:47:b6
[   46.226672] e1000 0000:00:03.0 eth0: Intel(R) PRO/1000 Network Connection
[   46.232121] input: ImExPS/2 Generic Explorer Mouse as /devices/platform/i8042/serio1/input/input5
[   46.262986] mptbase: ioc0: Initiating bringup
[   46.264798] AVX version of gcm_enc/dec engaged.
[   46.264798] AES CTR mode by8 optimization enabled
[   46.642373] ioc0: LSI53C1030 A0: Capabilities={Initiator}
[   47.073855] scsi host2: ioc0: LSI53C1030 A0, FwRev=00000000h, Ports=1, MaxQ=256, IRQ=20
[   47.473139] scsi 2:0:0:0: Direct-Access     VBOX     HARDDISK         1.0  PQ: 0 ANSI: 5
[   47.722049] scsi target2:0:0: Beginning Domain Validation
[   47.864476] scsi target2:0:0: Domain Validation skipping write tests
[   48.021110] scsi target2:0:0: Ending Domain Validation
[   48.140372] scsi target2:0:0: asynchronous
[   48.141666] scsi 2:0:1:0: Direct-Access     VBOX     HARDDISK         1.0  PQ: 0 ANSI: 5
[   48.157353] scsi target2:0:1: Beginning Domain Validation
[   48.159975] scsi target2:0:1: Domain Validation skipping write tests
[   48.324305] scsi target2:0:1: Ending Domain Validation
[   48.327233] scsi target2:0:1: asynchronous
[   48.348947] e1000 0000:00:08.0 eth1: (PCI:33MHz:32-bit) 08:00:27:5b:a6:b7
[   48.352912] e1000 0000:00:08.0 eth1: Intel(R) PRO/1000 Network Connection
[   48.355725] e1000 0000:00:03.0 enp0s3: renamed from eth0
[   48.411349] sd 2:0:0:0: Attached scsi generic sg0 type 0
[   48.411367] sd 2:0:0:0: [sda] 20971520 512-byte logical blocks: (10.7 GB/10.0 GiB)
[   48.764639] e1000 0000:00:08.0 enp0s8: renamed from eth1
[   48.894502] sd 2:0:0:0: [sda] Write Protect is off
[   49.030143] floppy0: no floppy controllers found
[   49.030168] sd 2:0:1:0: Attached scsi generic sg1 type 0
[   49.284473] sd 2:0:1:0: [sdb] 20480 512-byte logical blocks: (10.5 MB/10.0 MiB)
[   49.284528] sd 2:0:0:0: [sda] Incomplete mode parameter data
[   49.284529] sd 2:0:0:0: [sda] Assuming drive cache: write through
[   49.464754]  sda: sda1
[   49.465370] sd 2:0:0:0: [sda] Attached SCSI disk
[   49.969299] sd 2:0:1:0: [sdb] Write Protect is off
[   50.111017] sd 2:0:1:0: [sdb] Incomplete mode parameter data
[   51.198149] sd 2:0:1:0: [sdb] Assuming drive cache: write through
[   51.331177] sd 2:0:1:0: [sdb] Attached SCSI disk
Begin: Loading e[   52.723123] md: linear personality registered for level -1
ssential drivers[   52.906117] md: multipath personality registered for level -4
 ... [   53.068488] md: raid0 personality registered for level 0
[   53.215467] md: raid1 personality registered for level 1
[   53.450213] raid6: sse2x1   gen()  9868 MB/s
[   53.554462] raid6: sse2x1   xor()  7988 MB/s
[   53.745975] raid6: sse2x2   gen() 12520 MB/s
[   53.906049] raid6: sse2x2   xor()  8830 MB/s
[   54.054155] raid6: sse2x4   gen() 14580 MB/s
[   54.222746] raid6: sse2x4   xor() 10838 MB/s
[   54.355487] raid6: using algorithm sse2x4 gen() 14580 MB/s
[   54.494357] raid6: .... xor() 10838 MB/s, rmw enabled
[   54.571062] raid6: using ssse3x2 recovery algorithm
[   54.718900] xor: automatically using best checksumming function:
[   54.938406]    avx       : 22466.000 MB/sec
[   55.034818] async_tx: api initialized (async)
[   55.139653] md: raid6 personality registered for level 6
[   55.265159] md: raid5 personality registered for level 5
[   55.405696] md: raid4 personality registered for level 4
[   55.550778] md: raid10 personality registered for level 10
done.
Begin: Running /scripts/init-premount ... done.
Begin: Mounti[   55.585454] Btrfs loaded
ng root file system ... Begin: Running /scripts/[   55.672154] EXT4-fs (sda1): mounted filesystem with ordered data mode. Opts: (null)
local-top ... done.
Begin: Running /scripts/local-premount ... Scanning for Btrfs filesystems
done.
Warning: fsck not present, so skipping root file system
done.
Begin: Running /scripts/local-bottom ... done.
Begin: Running /scripts/init-bottom ... Warning: overlayroot: debug is busted
done.
[   55.835635] systemd[1]: systemd 229 running in system mode. (+PAM +AUDIT +SELINUX +IMA +APPARMOR +SMACK +SYSVINIT +UTMP +LIBCRYPTSETUP +GCRYPT +GNUTLS +ACL +XZ -LZ4 +SECCOMP +BLKID +ELFUTILS +KMOD -IDN)
[   55.863714] systemd[1]: Detected virtualization oracle.
[   55.864559] systemd[1]: Detected architecture x86-64.

Welcome to [1mUbuntu 16.04.1 LTS[0m!

[   55.919441] systemd[1]: Set hostname to <rstudiohost>.
[   56.146110] systemd[1]: Set up automount Arbitrary Executable File Formats File System Automount Point.
[[0;32m  OK  [0m] Set up automount Arbitrary Executab...ats File System Automount Point.
[   56.434485] systemd[1]: Reached target Swap.
[[0;32m  OK  [0m] Reached target Swap.
[   56.570383] systemd[1]: Started Forward Password Requests to Wall Directory Watch.
[[0;32m  OK  [0m] Started Forward Password Requests to Wall Directory Watch.
[   56.627068] systemd[1]: Listening on Journal Socket.
[[0;32m  OK  [0m] Listening on Journal Socket.
[   56.718236] systemd[1]: Listening on Journal Socket (/dev/log).
[[0;32m  OK  [0m] Listening on Journal Socket (/dev/log).
[   56.883737] systemd[1]: Listening on LVM2 poll daemon socket.
[[0;32m  OK  [0m] Listening on LVM2 poll daemon socket.
[   56.958362] systemd[1]: Reached target Encrypted Volumes.
[[0;32m  OK  [0m] Reached target Encrypted Volumes.
[   57.219151] systemd[1]: Created slice System Slice.
[[0;32m  OK  [0m] Created slice System Slice.
[   57.386434] systemd[1]: Starting Nameserver information manager...
         Starting Nameserver information manager...
[   57.638899] systemd[1]: Listening on Journal Audit Socket.
[[0;32m  OK  [0m] Listening on Journal Audit Socket.
[   57.654210] systemd[1]: Starting Create list of required static device nodes for the current kernel...
         Starting Create list of required st... nodes for the current kernel...
[   57.687386] systemd[1]: Mounting Debug File System...
         Mounting Debug File System...
[   57.874531] systemd[1]: Reached target User and Group Name Lookups.
[[0;32m  OK  [0m] Reached target User and Group Name Lookups.
[   58.122665] systemd[1]: Listening on Device-mapper event daemon FIFOs.
[[0;32m  OK  [0m] Listening on Device-mapper event daemon FIFOs.
[   58.382269] systemd[1]: Listening on Syslog Socket.
[[0;32m  OK  [0m] Listening on Syslog Socket.
[   58.579140] systemd[1]: Listening on LVM2 metadata daemon socket.
[[0;32m  OK  [0m] Listening on LVM2 metadata daemon socket.
[   58.758917] systemd[1]: Starting Journal Service...
         Starting Journal Service...
[   58.862595] systemd[1]: Listening on udev Control Socket.
[[0;32m  OK  [0m] Listening on udev Control Socket.
[   58.952433] systemd[1]: Listening on udev Kernel Socket.
[[0;32m  OK  [0m] Listening on udev Kernel Socket.
[   58.954437] systemd[1]: Created slice User and Session Slice.
[[0;32m  OK  [0m] Created slice User and Session Slice.
[   58.966296] systemd[1]: Starting Set console keymap...
         Starting Set console keymap...
[   58.968178] random: nonblocking pool is initialized
[   58.968368] systemd[1]: Starting Monitoring of LVM2 mirrors, snapshots etc. using dmeventd or progress polling...
         Starting Monitoring of LVM2 mirrors... dmeventd or progress polling...
[   58.982954] systemd[1]: Listening on /dev/initctl Compatibility Named Pipe.
[[0;32m  OK  [0m] Listening on /dev/initctl Compatibility Named Pipe.
[   58.986541] systemd[1]: Reached target Slices.
[[0;32m  OK  [0m] Reached target Slices.
[   58.995401] systemd[1]: Starting Remount Root and Kernel File Systems...
         Starting Remount Root and Kernel File Systems...
[   58.997993] systemd[1]: Starting Uncomplicated firewall...
         Starting Uncomplicated firewall...
[   59.001541] systemd[1]: Mounting POSIX Message Queue File System...
[   59.002490] EXT4-fs (sda1): re-mounted. Opts: (null)
         Mounting POSIX Message Queue File System...
[   59.322850] systemd[1]: Mounting Huge Pages File System...
         Mounting Huge Pages File System...
[   59.546780] systemd[1]: Created slice system-serial\x2dgetty.slice.
[[0;32m  OK  [0m] Created slice system-serial\x2dgetty.slice.
[   59.806113] systemd[1]: Starting Load Kernel Modules...
         Startin[   59.892808] Loading iSCSI transport class v2.0-870.
g Load Kernel Modules...
[   59.917640] systemd[1]: Mounted POSIX Message Queue File System.
[[0;32m  OK  [[   60.055048] iscsi: registered transport (tcp)
0m] Mounted POSIX Message Queue File System.
[   60.228421] systemd[1]: Mounted Huge Pages File System.
[[0;32m  OK  [0m] Mounted Huge Pages File System.
[   60.230157] systemd[1]: Mounted Debug File System.
[[0;32m  OK  [0m] Mounted Debug File System.
[   60.231865] systemd[1]: Started Journal Service.
[   60.270415] iscsi: registered transport (iser)
[[0;32m  OK  [0m] Started Journal Service.
[[0;32m  OK  [0m] Started Create list of required sta...ce nodes for the current kernel.
[[0;32m  OK  [0m] Started Set console keymap.
[[0;32m  OK  [0m] Started Remount Root and Kernel File Systems.
[[0;32m  OK  [0m] Started Uncomplicated firewall.
[[0;32m  OK  [0m] Started Load Kernel Modules.
[[0;32m  OK  [0m] Started Nameserver information manager.
[[0;32m  OK  [0m] Started LVM2 metadata daemon.
         Starting Apply Kernel Variables...
         Mounting FUSE Control File System...
         Starting Load/Save Random Seed...
         Starting udev Coldplug all Devices...
         Starting Create Static Device Nodes in /dev...
         Starting Flush Journal to Persistent Storage...
[[0;32m  OK  [0m] Mounted FUSE Control File System.
[[0;32m  OK  [0m] Started Monitoring of LVM2 mirrors,...ng dmeventd or progress polling.
[[0;32m  OK  [0m] Started Apply Kernel Variables.
[[0;32m  OK  [0m] Started Load/Save Random Seed.
[[0;32m  OK  [0m] Started Create Static Device Nodes in /dev.
[[0;32m  OK  [0m] Started udev Coldplug all Devices.
[[0;32m  OK  [0m] Started Flush Journal to Persistent Storage.
         Starting udev Kernel Device Manager...
[[0;32m  OK  [0m] Started udev Kernel Device Manager.
[[0;32m  OK  [0m] Reached target Local File Systems (Pre).
[[0;32m  OK  [0m] Reached target Local File Systems.
         Starting Tell Plymouth To Write Out Runtime Data...
         Starting Create Volatile Files and Directories...
         Starting Initial cloud-init job (pre-networking)...
         Starting LSB: AppArmor initialization...
         Starting Set console font and keymap...
[[0;32m  OK  [0m] Started Dispatch Password Requests to Console Directory Watch.
[[0;32m  OK  [0m] Started Tell Plymouth To Write Out Runtime Data.
[[0;32m  OK  [0m] Started Create Volatile Files and Directories.
         Starting Update UTMP about System Boot/Shutdown...
[[0;32m  OK  [0m] Reached target System Time Synchronized.
[[0;32m  OK  [0m] Started Update UTMP about System Boot/Shutdown.
[[0;32m  OK  [0m] Started LSB: AppArmor initialization.
[[0;32m  OK  [0m] Found device /dev/ttyS0.
[[0;32m  OK  [0m] Reached target System Initialization.
[[0;32m  OK  [0m] Started ACPI Events Check.
[[0;32m  OK  [0m] Listening on D-Bus System Message Bus Socket.
[[0;32m  OK  [0m] Started Daily apt activities.
         Starting Docker Socket for the API.
         Starting Socket activation for snappy daemon.
[[0;32m  OK  [0m] Started Timer to automatically refresh installed snaps.
[[0;32m  OK  [0m] Started Daily Cleanup of Temporary Directories.
[[0;32m  OK  [0m] Reached target Timers.
[[0;32m  OK  [0m] Started Trigger resolvconf u[   63.633763] intel_rapl: no valid rapl domains found in package 0
pdate for networkd DNS.
[[0;32m  OK  [0m] Reached target Paths.
         Starting LXD - unix soc[   63.683199] intel_rapl: no valid rapl domains found in package 0
ket.
[[0;32m  OK  [0m] Listening on ACPID Listen Socket.
[[0;32m  OK  [0m] Listening on UUID daemon activation socket.
[[0;32m  OK  [0m] Started Set console font and keymap.
[[0;32m  OK  [0m] Listening on Docker Socket for the API.
[[0;32m  OK  [0m] Listening on Socket activation for snappy daemon.
[[0;32m  OK  [0m] Listening on LXD - unix socket.
[[0;32m  OK  [0m] Reached target Sockets.
[[0;32m  OK  [0m] Reached target Basic System.
[   63.986229] snd_intel8x0 0000:00:05.0: measure - unreliable DMA position..
         Starting Accounts Service...
[   34.414730] cloud-init[1243]: Cloud-init v. 0.7.7 running 'init-local' at Sat, 27 Aug 2016 01:07:06 +0000. Up 34.12 seconds.
[[0;32m  OK  [0m] Started Regu[   64.346032] snd_intel8x0 0000:00:05.0: measure - unreliable DMA position..
lar background program processing daemon.
[[0;32m  OK  [0m] Started Snappy daemon.
         Starting Login Service...
         Starting LSB: Record successful boot for GRUB...
         Starting LSB: MD monitoring daemon...
         Starting LXD - container startup/shutdown...
[[0;32m  OK  [0m] Started Deferred execution scheduler.
[[0;32m  OK  [0m] Started ACPI event daemon.
         Starting vboxadd.service...
         Starting System Logging Service...
[[0;32m  OK  [0m] Started D-Bus System Message Bus.
         Starting Thermal Daemon Service...
         Starting vboxadd-x11.service...
[[0;32m  OK  [0m] Started FUSE filesystem for LXC.
[[0;32m  OK  [0m] Created slice system-getty.slice.
[[0;32m  OK  [0m] Started System Logging Service.
[[0;32m  OK  [0m] Found device 82540EM Gigabit Ethern...r (PRO/1000 MT Desktop Adapter).
[[0;32m  OK  [0m] Started Initial cloud-init job (pre-networking).
[[0;32m  OK  [0m] Started LXD - container startup/shutdown.
[[0;32m  OK  [0m] Started Thermal Daemon Service.
[[0;32m  OK  [0m] Started vboxadd-x11.service.
[[0;32m  OK  [0m] Started vboxadd.service.
[[0;32m  OK  [0m] Started LSB: Record successful boot for GRUB.
[[0;32m  OK  [0m] Started LSB: MD monitoring daemon.
[[0;32m  OK  [0m] Started Login Service.
         Starting Authenticate and Authorize Users to Run Privileged Tasks...
         Starting vboxadd-service.service...
[[0;32m  OK  [0m] Reached target Sound Card.
[[0;32m  OK  [0m] Listening on Load/Save RF Kill Switch Status /dev/rfkill Watch.
[[0;32m  OK  [0m] Reached target Network (Pre).
[[0;32m  OK  [0m] Started ifup for enp0s8.
         Starting Raise network interfaces...
[[0;32m  OK  [0m] Started ifup for enp0s3.
[[0;32m  OK  [0m] Started vboxadd-service.service.
[[0;32m  OK  [0m] Started Authenticate and Authorize Users to Run Privileged Tasks.
[[0;32m  OK  [0m] Started Accounts Service.
[[0;32m  OK  [0m] Started Raise network interfaces.
[[0;32m  OK  [0m] Reached target Network.
         Starting Docker Application Container Engine...
         Starting Initial cloud-init job (metadata service crawler)...
[   37.341082] cloud-init[2408]: Cloud-init v. 0.7.7 running 'init' at Sat, 27 Aug 2016 01:07:09 +0000. Up 37.10 seconds.
[   37.484682] [cloud-init[0;32m  OK  [0m[2408]: ] ci-info: ++++++++++++++++++++++++++++++++++++++Net device info++++++++++++++++++++++++++++++++++++++Started Initial cloud-init job (metadata service crawler).

[   37.485115] cloud-init[2408]: ci-info: +--------+------+-----------------------------+---------------+-------+-------------------+
[   37.741140] [[0;32m  OK  [0m] Reached target Network is Online.
cloud-init[2408]: ci-info: | Device |  Up  |           Address           |      Mask     | Scope |     Hw-Address    |
[   37.743486] cloud-init[2408]: ci-info: +--------+------+-----------------------------+---------------+-------+-------------------+
[   37.745312] cloud-init[2408]: ci-info: | enp0s3 | True |          10.0.2.15          | 255.255.255.0 |   .   | 02:3e:55:8e:47:b6 |
[   37.876576]          cloud-initStarting /etc/rc.local Compatibility...[2408]: 
ci-info: | enp0s3 | True |  fe80::3e:55ff:fe8e:47b6/64 |       .       |  link | 02:3e:55:8e:47:b6 |
[   37.945000]          cloud-initStarting Seed the pseudo random number generator on first boot...[2408]: 
ci-info: |   lo   | True |          127.0.0.1          |   255.0.0.0   |   .   |         .         |
[   37.945421] cloud-init[2408]: ci-info: |   lo   | True |           ::1/128           |       .       |  host |         .         |
[   37.951672] cloud-init[2408]: ci-info: | enp0s8 | True |        192.168.10.30        | 255.255.255.0 |   .   | 08:00:27:5b:a6:b7 |
[   37.967296]          Starting iSCSI initiator daemon (iscsid)...
[[0;32m  OK  [0m] Reached target Cloud-config availability.
         Starting Apply the settings specified in cloud-config...
cloud-init[2408]: ci-info: | enp0s8 | True | fe80::a00:27ff:fe5b:a6b7/64 |       .       |  link | 08:00:27:5b:a6:b7 |
[   37.985899] [cloud-init[0;32m  OK  [0m[2408]: ] ci-info: +--------+------+-----------------------------+---------------+-------+-------------------+Started /etc/rc.local Compatibility.

[   37.986343] cloud-init[2408]: ci-info: ++++++++++++++++++++++++++++Route IPv4 info++++++++++++++++++++++++++++
[   38.000052] cloud-init[2408]: ci-info: +-------+--------------+----------+---------------+-----------+-------+
[   38.001790] cloud-init[2408]: ci-info: | Route | Destination  | Gateway  |    Genmask    | Interface | Flags |
[   38.004846] cloud-init[2408]: ci-info: +-------+--------------+----------+---------------+-----------+-------+
[   38.033690] [cloud-init[0;32m  OK  [0m[2408]: ] ci-info: |   0   |   0.0.0.0    | 10.0.2.2 |    0.0.0.0    |   enp0s3  |   UG  |Started iSCSI initiator daemon (iscsid).

[   38.034068] cloud-init[2408]: ci-info: |   1   |   10.0.2.0   | 0.0.0.0  | 255.255.255.0 |   enp0s3  |   U   |
[   38.063514] cloud-init[2408]: ci-info: |   2   | 192.168.10.0 | 0.0.0.0  | 255.255.255.0 |   enp0s8  |   U   |
[   38.065335] cloud-init[2408]: ci-info: +-------+--------------+----------+---------------+-----------+-------+
         Starting Login to default iSCSI targets...
[[0;32m  OK  [0m] Started Login to default iSCSI targets.
[[0;32m  OK  [0m] Reached target Remote File Systems (Pre).
[[0;32m  OK  [0m] Reached target Remote File Systems.
         Starting LSB: automatic crash report generation...
         Starting LSB: Set the CPU Frequency Scaling governor to "ondemand"...
         Starting LSB: daemon to balance interrupts for SMP systems...
         Starting LSB: Set up cgroupfs mounts....
         Starting Permit User Sessions...
[   38.502572] cloud-init[2488]: Cloud-init v. 0.7.7 running 'modules:config' at Sat, 27 Aug 2016 01:07:10 +0000. Up 38.39 seconds.
[[0;32m  OK  [0m] Started Docker Application Container Engine.
[[0;32m  OK  [0m] Started Apply the settings specified in cloud-config.
[[0;32m  OK  [0m] Started LSB: Set up cgroupfs mounts..
[[0;32m  OK  [0m] Started Permit User Sessions.
[[0;32m  OK  [0m] Started LSB: Set the CPU Frequency Scaling governor to "ondemand".
[[0;32m  OK  [0m] Started LSB: automatic crash report generation.
         Starting Hold until boot process finishes up...
         Starting Terminate Plymouth Boot Screen...
         Starting Execute cloud user/final scripts...
[[0;32m  OK  [0m] Started LSB: daemon to balance interrupts for SMP systems.
[[0;32m  OK  [0m] Started Hold until boot process finishes up.
[[0;32m  OK  [0m] Started Terminate Plymouth Boot Screen.
         Starting Set console scheme...
[   39.486393] cloud-init[2753]: Cloud-init v. 0.7.7 running 'modules:final' at Sat, 27 Aug 2016 01:07:11 +0000. Up 39.40 seconds.
[   39.676320] cloud-init[2753]: Cloud-init v. 0.7.7 finished at Sat, 27 Aug 2016 01:07:11 +0000. Datasource DataSourceNoCloud [seed=/dev/sdb][dsmode=net].  Up 39.46 seconds
[[0;32m  OK  [0m] Started Serial Getty on ttyS0.
[[0;32m  OK  [0m] Started Getty on tty1.
[[0;32m  OK  [0m] Reached target Login Prompts.
[[0;32m  OK  [0m] Started Execute cloud user/final scripts.
[[0;32m  OK  [0m] Started Set console scheme.
[[0;32m  OK  [0m] Reached target Cloud-init target.
[[0;32m  OK  [0m] Started Seed the pseudo random number generator on first boot.
         Starting OpenBSD Secure Shell server...
[[0;32m  OK  [0m] Started OpenBSD Secure Shell server.
[[0;32m  OK  [0m] Reached target Multi-User System.
[[0;32m  OK  [0m] Reached target Graphical Interface.
         Starting Update UTMP about System Runlevel Changes...
[[0;32m  OK  [0m] Started Update UTMP about System Runlevel Changes.

Ubuntu 16.04.1 LTS rstudiohost ttyS0

rstudiohost login: 